Release 14.7 - xst P.20131013 (lin64)
Copyright (c) 1995-2013 Xilinx, Inc.  All rights reserved.
--> 
Parameter TMPDIR set to xst/projnav.tmp


Total REAL time to Xst completion: 0.00 secs
Total CPU time to Xst completion: 0.06 secs
 
--> 
Parameter xsthdpdir set to xst


Total REAL time to Xst completion: 0.00 secs
Total CPU time to Xst completion: 0.06 secs
 
--> 
Reading design: PRINCIPAL.prj

TABLE OF CONTENTS
  1) Synthesis Options Summary
  2) HDL Parsing
  3) HDL Elaboration
  4) HDL Synthesis
       4.1) HDL Synthesis Report
  5) Advanced HDL Synthesis
       5.1) Advanced HDL Synthesis Report
  6) Low Level Synthesis
  7) Partition Report
  8) Design Summary
       8.1) Primitive and Black Box Usage
       8.2) Device utilization summary
       8.3) Partition Resource Summary
       8.4) Timing Report
            8.4.1) Clock Information
            8.4.2) Asynchronous Control Signals Information
            8.4.3) Timing Summary
            8.4.4) Timing Details
            8.4.5) Cross Clock Domains Report


=========================================================================
*                      Synthesis Options Summary                        *
=========================================================================
---- Source Parameters
Input File Name                    : "PRINCIPAL.prj"
Ignore Synthesis Constraint File   : NO

---- Target Parameters
Output File Name                   : "PRINCIPAL"
Output Format                      : NGC
Target Device                      : xc7a100t-3-csg324

---- Source Options
Top Module Name                    : PRINCIPAL
Automatic FSM Extraction           : YES
FSM Encoding Algorithm             : Auto
Safe Implementation                : No
FSM Style                          : LUT
RAM Extraction                     : Yes
RAM Style                          : Auto
ROM Extraction                     : Yes
Shift Register Extraction          : YES
ROM Style                          : Auto
Resource Sharing                   : YES
Asynchronous To Synchronous        : NO
Shift Register Minimum Size        : 2
Use DSP Block                      : Auto
Automatic Register Balancing       : No

---- Target Options
LUT Combining                      : Auto
Reduce Control Sets                : Auto
Add IO Buffers                     : YES
Global Maximum Fanout              : 100000
Add Generic Clock Buffer(BUFG)     : 32
Register Duplication               : YES
Optimize Instantiated Primitives   : NO
Use Clock Enable                   : Auto
Use Synchronous Set                : Auto
Use Synchronous Reset              : Auto
Pack IO Registers into IOBs        : Auto
Equivalent register Removal        : YES

---- General Options
Optimization Goal                  : Speed
Optimization Effort                : 1
Power Reduction                    : NO
Keep Hierarchy                     : No
Netlist Hierarchy                  : As_Optimized
RTL Output                         : Yes
Global Optimization                : AllClockNets
Read Cores                         : YES
Write Timing Constraints           : NO
Cross Clock Analysis               : NO
Hierarchy Separator                : /
Bus Delimiter                      : <>
Case Specifier                     : Maintain
Slice Utilization Ratio            : 100
BRAM Utilization Ratio             : 100
DSP48 Utilization Ratio            : 100
Auto BRAM Packing                  : NO
Slice Utilization Ratio Delta      : 5

=========================================================================


=========================================================================
*                          HDL Parsing                                  *
=========================================================================
Parsing VHDL file "/home/erick/Documentos/GitHub/Computer-architecture/ESCOMIPS/UCONTROL/PaqueteControl.vhd" into library work
Parsing package <PaqueteControl>.
Parsing package body <PaqueteControl>.
Parsing VHDL file "/home/erick/Documentos/GitHub/Computer-architecture/ESCOMIPS/UCONTROL/NIVEL.vhd" into library work
Parsing entity <NIVEL>.
Parsing architecture <DETECTOR> of entity <nivel>.
Parsing VHDL file "/home/erick/Documentos/GitHub/Computer-architecture/ESCOMIPS/UCONTROL/MEM_OPER.vhd" into library work
Parsing entity <OPERACION>.
Parsing architecture <MEMORY> of entity <operacion>.
Parsing VHDL file "/home/erick/Documentos/GitHub/Computer-architecture/ESCOMIPS/UCONTROL/MEM_FUNC.vhd" into library work
Parsing entity <FUNCION>.
Parsing architecture <MEMORY> of entity <funcion>.
Parsing VHDL file "/home/erick/Documentos/GitHub/Computer-architecture/ESCOMIPS/UCONTROL/INSTRUCCION.vhd" into library work
Parsing entity <INSTRUCCION>.
Parsing architecture <DECODIFICADOR> of entity <instruccion>.
Parsing VHDL file "/home/erick/Documentos/GitHub/Computer-architecture/ESCOMIPS/UCONTROL/ESTADO.vhd" into library work
Parsing entity <ESTADO>.
Parsing architecture <REGISTRO> of entity <estado>.
Parsing VHDL file "/home/erick/Documentos/GitHub/Computer-architecture/ESCOMIPS/UCONTROL/CONTROL.vhd" into library work
Parsing entity <CONTROL>.
Parsing architecture <UNIDAD> of entity <control>.
Parsing VHDL file "/home/erick/Documentos/GitHub/Computer-architecture/ESCOMIPS/UCONTROL/CONDICION.vhd" into library work
Parsing entity <CONDICION>.
Parsing architecture <BLOQUE> of entity <condicion>.
Parsing VHDL file "/home/erick/Documentos/GitHub/Computer-architecture/ESCOMIPS/UCONTROL/PRINCIPAL.vhd" into library work
Parsing entity <PRINCIPAL>.
Parsing architecture <PROGRAMA> of entity <principal>.

=========================================================================
*                            HDL Elaboration                            *
=========================================================================

Elaborating entity <PRINCIPAL> (architecture <PROGRAMA>) from library <work>.

Elaborating entity <INSTRUCCION> (architecture <DECODIFICADOR>) from library <work>.

Elaborating entity <NIVEL> (architecture <DETECTOR>) from library <work>.

Elaborating entity <FUNCION> (architecture <MEMORY>) with generics from library <work>.

Elaborating entity <OPERACION> (architecture <MEMORY>) with generics from library <work>.

Elaborating entity <CONDICION> (architecture <BLOQUE>) from library <work>.

Elaborating entity <CONTROL> (architecture <UNIDAD>) from library <work>.

Elaborating entity <ESTADO> (architecture <REGISTRO>) from library <work>.

=========================================================================
*                           HDL Synthesis                               *
=========================================================================

Synthesizing Unit <PRINCIPAL>.
    Related source file is "/home/erick/Documentos/GitHub/Computer-architecture/ESCOMIPS/UCONTROL/PRINCIPAL.vhd".
    Summary:
	inferred   2 Multiplexer(s).
Unit <PRINCIPAL> synthesized.

Synthesizing Unit <INSTRUCCION>.
    Related source file is "/home/erick/Documentos/GitHub/Computer-architecture/ESCOMIPS/UCONTROL/INSTRUCCION.vhd".
    Summary:
	no macro.
Unit <INSTRUCCION> synthesized.

Synthesizing Unit <NIVEL>.
    Related source file is "/home/erick/Documentos/GitHub/Computer-architecture/ESCOMIPS/UCONTROL/NIVEL.vhd".
    Found 1-bit register for signal <FE>.
    Found 1-bit register for signal <RE>.
    Summary:
	inferred   2 D-type flip-flop(s).
Unit <NIVEL> synthesized.

Synthesizing Unit <FUNCION>.
    Related source file is "/home/erick/Documentos/GitHub/Computer-architecture/ESCOMIPS/UCONTROL/MEM_FUNC.vhd".
        BUS_DIR = 4
        BUS_DAT = 20
    Found 16x20-bit Read Only RAM for signal <D>
    Summary:
	inferred   1 RAM(s).
Unit <FUNCION> synthesized.

Synthesizing Unit <OPERACION>.
    Related source file is "/home/erick/Documentos/GitHub/Computer-architecture/ESCOMIPS/UCONTROL/MEM_OPER.vhd".
        BUS_DIR = 5
        BUS_DAT = 20
    Found 32x20-bit Read Only RAM for signal <D>
    Summary:
	inferred   1 RAM(s).
Unit <OPERACION> synthesized.

Synthesizing Unit <CONDICION>.
    Related source file is "/home/erick/Documentos/GitHub/Computer-architecture/ESCOMIPS/UCONTROL/CONDICION.vhd".
WARNING:Xst:647 - Input <BANDERAS<0:0>> is never used. This port will be preserved and left unconnected if it belongs to a top-level block or it belongs to a sub-block and the hierarchy of this sub-block is preserved.
    Summary:
Unit <CONDICION> synthesized.

Synthesizing Unit <CONTROL>.
    Related source file is "/home/erick/Documentos/GitHub/Computer-architecture/ESCOMIPS/UCONTROL/CONTROL.vhd".
WARNING:Xst:647 - Input <CLK> is never used. This port will be preserved and left unconnected if it belongs to a top-level block or it belongs to a sub-block and the hierarchy of this sub-block is preserved.
WARNING:Xst:647 - Input <CLR> is never used. This port will be preserved and left unconnected if it belongs to a top-level block or it belongs to a sub-block and the hierarchy of this sub-block is preserved.
    Summary:
	inferred  13 Multiplexer(s).
Unit <CONTROL> synthesized.

Synthesizing Unit <ESTADO>.
    Related source file is "/home/erick/Documentos/GitHub/Computer-architecture/ESCOMIPS/UCONTROL/ESTADO.vhd".
    Found 4-bit register for signal <RBANDERAS>.
    Summary:
	inferred   4 D-type flip-flop(s).
Unit <ESTADO> synthesized.

=========================================================================
HDL Synthesis Report

Macro Statistics
# RAMs                                                 : 2
 16x20-bit single-port Read Only RAM                   : 1
 32x20-bit single-port Read Only RAM                   : 1
# Registers                                            : 3
 1-bit register                                        : 2
 4-bit register                                        : 1
# Multiplexers                                         : 15
 1-bit 2-to-1 multiplexer                              : 13
 20-bit 2-to-1 multiplexer                             : 1
 5-bit 2-to-1 multiplexer                              : 1
# Xors                                                 : 2
 1-bit xor2                                            : 2

=========================================================================

=========================================================================
*                       Advanced HDL Synthesis                          *
=========================================================================

WARNING:Xst:2677 - Node <RBANDERAS_0> of sequential type is unconnected in block <REG_ESTADO>.

Synthesizing (advanced) Unit <FUNCION>.
INFO:Xst:3218 - HDL ADVISOR - The RAM <Mram_D> will be implemented on LUTs either because you have described an asynchronous read or because of currently unsupported block RAM features. If you have described an asynchronous read, making it synchronous would allow you to take advantage of available block RAM resources, for optimized device usage and improved timings. Please refer to your documentation for coding guidelines.
    -----------------------------------------------------------------------
    | ram_type           | Distributed                         |          |
    -----------------------------------------------------------------------
    | Port A                                                              |
    |     aspect ratio   | 16-word x 20-bit                    |          |
    |     weA            | connected to signal <GND>           | high     |
    |     addrA          | connected to signal <A>             |          |
    |     diA            | connected to signal <GND>           |          |
    |     doA            | connected to signal <D>             |          |
    -----------------------------------------------------------------------
Unit <FUNCION> synthesized (advanced).

Synthesizing (advanced) Unit <OPERACION>.
INFO:Xst:3218 - HDL ADVISOR - The RAM <Mram_D> will be implemented on LUTs either because you have described an asynchronous read or because of currently unsupported block RAM features. If you have described an asynchronous read, making it synchronous would allow you to take advantage of available block RAM resources, for optimized device usage and improved timings. Please refer to your documentation for coding guidelines.
    -----------------------------------------------------------------------
    | ram_type           | Distributed                         |          |
    -----------------------------------------------------------------------
    | Port A                                                              |
    |     aspect ratio   | 32-word x 20-bit                    |          |
    |     weA            | connected to signal <GND>           | high     |
    |     addrA          | connected to signal <A>             |          |
    |     diA            | connected to signal <GND>           |          |
    |     doA            | connected to signal <D>             |          |
    -----------------------------------------------------------------------
Unit <OPERACION> synthesized (advanced).

=========================================================================
Advanced HDL Synthesis Report

Macro Statistics
# RAMs                                                 : 2
 16x20-bit single-port distributed Read Only RAM       : 1
 32x20-bit single-port distributed Read Only RAM       : 1
# Registers                                            : 6
 Flip-Flops                                            : 6
# Multiplexers                                         : 15
 1-bit 2-to-1 multiplexer                              : 13
 20-bit 2-to-1 multiplexer                             : 1
 5-bit 2-to-1 multiplexer                              : 1
# Xors                                                 : 2
 1-bit xor2                                            : 2

=========================================================================

=========================================================================
*                         Low Level Synthesis                           *
=========================================================================
WARNING:Xst:2677 - Node <REG_ESTADO/RBANDERAS_0> of sequential type is unconnected in block <PRINCIPAL>.

Optimizing unit <PRINCIPAL> ...

Mapping all equations...
Building and optimizing final netlist ...
Found area constraint ratio of 100 (+ 5) on block PRINCIPAL, actual ratio is 0.

Final Macro Processing ...

=========================================================================
Final Register Report

Macro Statistics
# Registers                                            : 5
 Flip-Flops                                            : 5

=========================================================================

=========================================================================
*                           Partition Report                            *
=========================================================================

Partition Implementation Status
-------------------------------

  No Partitions were found in this design.

-------------------------------

=========================================================================
*                            Design Summary                             *
=========================================================================

Top Level Output File Name         : PRINCIPAL.ngc

Primitive and Black Box Usage:
------------------------------
# BELS                             : 54
#      INV                         : 2
#      LUT2                        : 6
#      LUT4                        : 7
#      LUT5                        : 13
#      LUT6                        : 24
#      MUXF7                       : 2
# FlipFlops/Latches                : 5
#      FDC                         : 1
#      FDC_1                       : 1
#      FDCE_1                      : 3
# Clock Buffers                    : 1
#      BUFGP                       : 1
# IO Buffers                       : 34
#      IBUF                        : 14
#      OBUF                        : 20

Device utilization summary:
---------------------------

Selected Device : 7a100tcsg324-3 


Slice Logic Utilization: 
 Number of Slice Registers:               2  out of  126800     0%  
 Number of Slice LUTs:                   52  out of  63400     0%  
    Number used as Logic:                52  out of  63400     0%  

Slice Logic Distribution: 
 Number of LUT Flip Flop pairs used:     52
   Number with an unused Flip Flop:      50  out of     52    96%  
   Number with an unused LUT:             0  out of     52     0%  
   Number of fully used LUT-FF pairs:     2  out of     52     3%  
   Number of unique control sets:         2

IO Utilization: 
 Number of IOs:                          36
 Number of bonded IOBs:                  35  out of    210    16%  
    IOB Flip Flops/Latches:               3

Specific Feature Utilization:
 Number of BUFG/BUFGCTRLs:                1  out of     32     3%  

---------------------------
Partition Resource Summary:
---------------------------

  No Partitions were found in this design.

---------------------------


=========================================================================
Timing Report

NOTE: THESE TIMING NUMBERS ARE ONLY A SYNTHESIS ESTIMATE.
      FOR ACCURATE TIMING INFORMATION PLEASE REFER TO THE TRACE REPORT
      GENERATED AFTER PLACE-and-ROUTE.

Clock Information:
------------------
-----------------------------------+------------------------+-------+
Clock Signal                       | Clock buffer(FF name)  | Load  |
-----------------------------------+------------------------+-------+
CLK                                | BUFGP                  | 5     |
-----------------------------------+------------------------+-------+

Asynchronous Control Signals Information:
----------------------------------------
No asynchronous control signals found in this design

Timing Summary:
---------------
Speed Grade: -3

   Minimum period: 1.048ns (Maximum Frequency: 954.381MHz)
   Minimum input arrival time before clock: 0.648ns
   Maximum output required time after clock: 5.175ns
   Maximum combinational path delay: 5.360ns

Timing Details:
---------------
All values displayed in nanoseconds (ns)

=========================================================================
Timing constraint: Default period analysis for Clock 'CLK'
  Clock period: 1.048ns (frequency: 954.381MHz)
  Total number of paths / destination ports: 2 / 2
-------------------------------------------------------------------------
Delay:               1.048ns (Levels of Logic = 1)
  Source:            DET_NIVEL/FE (FF)
  Destination:       DET_NIVEL/FE (FF)
  Source Clock:      CLK falling
  Destination Clock: CLK falling

  Data Path: DET_NIVEL/FE to DET_NIVEL/FE
                                Gate     Net
    Cell:in->out      fanout   Delay   Delay  Logical Name (Net Name)
    ----------------------------------------  ------------
     FDC_1:C->Q            2   0.364   0.284  DET_NIVEL/FE (DET_NIVEL/FE)
     INV:I->O              1   0.113   0.279  DET_NIVEL/FE_INV_7_o1_INV_0 (DET_NIVEL/FE_INV_7_o)
     FDC_1:D                   0.008          DET_NIVEL/FE
    ----------------------------------------
    Total                      1.048ns (0.485ns logic, 0.563ns route)
                                       (46.3% logic, 53.7% route)

=========================================================================
Timing constraint: Default OFFSET IN BEFORE for Clock 'CLK'
  Total number of paths / destination ports: 11 / 11
-------------------------------------------------------------------------
Offset:              0.648ns (Levels of Logic = 1)
  Source:            CLR (PAD)
  Destination:       REG_ESTADO/RBANDERAS_3 (FF)
  Destination Clock: CLK falling

  Data Path: CLR to REG_ESTADO/RBANDERAS_3
                                Gate     Net
    Cell:in->out      fanout   Delay   Delay  Logical Name (Net Name)
    ----------------------------------------  ------------
     IBUF:I->O             5   0.001   0.298  CLR_IBUF (CLR_IBUF)
     FDCE_1:CLR                0.349          REG_ESTADO/RBANDERAS_1
    ----------------------------------------
    Total                      0.648ns (0.350ns logic, 0.298ns route)
                                       (54.0% logic, 46.0% route)

=========================================================================
Timing constraint: Default OFFSET OUT AFTER for Clock 'CLK'
  Total number of paths / destination ports: 450 / 18
-------------------------------------------------------------------------
Offset:              5.175ns (Levels of Logic = 8)
  Source:            REG_ESTADO/RBANDERAS_2 (FF)
  Destination:       MICRO<4> (PAD)
  Source Clock:      CLK falling

  Data Path: REG_ESTADO/RBANDERAS_2 to MICRO<4>
                                Gate     Net
    Cell:in->out      fanout   Delay   Delay  Logical Name (Net Name)
    ----------------------------------------  ------------
     FDCE_1:C->Q           1   0.364   0.693  REG_ESTADO/RBANDERAS_2 (REG_ESTADO/RBANDERAS_2)
     LUT6:I0->O            1   0.097   0.295  CONTROLU/Mmux_SDOPC35 (CONTROLU/Mmux_SDOPC34)
     LUT4:I3->O            1   0.097   0.511  CONTROLU/Mmux_SDOPC37_SW0 (N8)
     LUT6:I3->O           21   0.097   0.647  CONTROLU/Mmux_SDOPC37 (SDOP)
     LUT4:I0->O            5   0.097   0.712  MEM_OPCODE/Mram_D421 (MEM_OPCODE/Mram_D42)
     LUT6:I0->O            2   0.097   0.697  MEM_OPCODE/Mram_D411 (MEM_OPCODE/Mram_D41)
     LUT6:I0->O            1   0.097   0.295  Mmux_MICRO154_SW0 (N6)
     LUT6:I5->O            1   0.097   0.279  Mmux_MICRO154 (MICRO_4_OBUF)
     OBUF:I->O                 0.000          MICRO_4_OBUF (MICRO<4>)
    ----------------------------------------
    Total                      5.175ns (1.043ns logic, 4.132ns route)
                                       (20.2% logic, 79.8% route)

=========================================================================
Timing constraint: Default path analysis
  Total number of paths / destination ports: 3903 / 20
-------------------------------------------------------------------------
Delay:               5.360ns (Levels of Logic = 10)
  Source:            OPCODE<0> (PAD)
  Destination:       MICRO<4> (PAD)

  Data Path: OPCODE<0> to MICRO<4>
                                Gate     Net
    Cell:in->out      fanout   Delay   Delay  Logical Name (Net Name)
    ----------------------------------------  ------------
     IBUF:I->O            18   0.001   0.762  OPCODE_0_IBUF (OPCODE_0_IBUF)
     LUT5:I0->O            2   0.097   0.384  DECO_INSTR/BGTI<4>1 (BGT)
     LUT6:I4->O            1   0.097   0.295  CONTROLU/Mmux_SDOPC35 (CONTROLU/Mmux_SDOPC34)
     LUT4:I3->O            1   0.097   0.511  CONTROLU/Mmux_SDOPC37_SW0 (N8)
     LUT6:I3->O           21   0.097   0.647  CONTROLU/Mmux_SDOPC37 (SDOP)
     LUT4:I0->O            5   0.097   0.712  MEM_OPCODE/Mram_D421 (MEM_OPCODE/Mram_D42)
     LUT6:I0->O            2   0.097   0.697  MEM_OPCODE/Mram_D411 (MEM_OPCODE/Mram_D41)
     LUT6:I0->O            1   0.097   0.295  Mmux_MICRO154_SW0 (N6)
     LUT6:I5->O            1   0.097   0.279  Mmux_MICRO154 (MICRO_4_OBUF)
     OBUF:I->O                 0.000          MICRO_4_OBUF (MICRO<4>)
    ----------------------------------------
    Total                      5.360ns (0.777ns logic, 4.583ns route)
                                       (14.5% logic, 85.5% route)

=========================================================================

Cross Clock Domains Report:
--------------------------

Clock to Setup on destination clock CLK
---------------+---------+---------+---------+---------+
               | Src:Rise| Src:Fall| Src:Rise| Src:Fall|
Source Clock   |Dest:Rise|Dest:Rise|Dest:Fall|Dest:Fall|
---------------+---------+---------+---------+---------+
CLK            |    1.045|         |    1.048|         |
---------------+---------+---------+---------+---------+

=========================================================================


Total REAL time to Xst completion: 11.00 secs
Total CPU time to Xst completion: 10.58 secs
 
--> 


Total memory usage is 496048 kilobytes

Number of errors   :    0 (   0 filtered)
Number of warnings :    5 (   0 filtered)
Number of infos    :    2 (   0 filtered)

