
     | | | | | | |
   _________________
  -|               |-
  -|               |-
  -|               |-
  -|    CYPRESS    |-
  -|               |-
  -|               |-   Warp VHDL Synthesis Compiler: Version 6.3 IR 35
  -|               |-   Copyright (C) 1991-2001 Cypress Semiconductor
   |_______________|
     | | | | | | |

======================================================================
Compiling:  practica4.VHD
Options:    -m -yu -e10 -w100 -o2 -ygs -fP -v10 -dc22v10 -ppalce22v10-25pc/pi -b practica4.VHD -u prac04.hie
======================================================================

vhdlfe V6.3 IR 35:  VHDL parser
Wed Oct 11 09:43:15 2017

Library 'work' => directory 'lc22v10'
Linking 'C:\Archivos de programa\Cypress\Warp\bin\std.vhd'.
Linking 'C:\Archivos de programa\Cypress\Warp\lib\common\cypress.vhd'.
Linking 'C:\Archivos de programa\Cypress\Warp\lib\common\work\cypress.vif'.
Library 'ieee' => directory 'C:\Archivos de programa\Cypress\Warp\lib\ieee\work'
Linking 'C:\Archivos de programa\Cypress\Warp\lib\ieee\work\stdlogic.vif'.

vhdlfe:  No errors.


tovif V6.3 IR 35:  High-level synthesis
Wed Oct 11 09:43:15 2017

Linking 'C:\Archivos de programa\Cypress\Warp\bin\std.vhd'.
Linking 'C:\Archivos de programa\Cypress\Warp\lib\common\cypress.vhd'.
Linking 'C:\Archivos de programa\Cypress\Warp\lib\common\work\cypress.vif'.
Linking 'C:\Archivos de programa\Cypress\Warp\lib\ieee\work\stdlogic.vif'.

tovif:  No errors.


topld V6.3 IR 35:  Synthesis and optimization
Wed Oct 11 09:43:15 2017

Linking 'C:\Archivos de programa\Cypress\Warp\bin\std.vhd'.
Linking 'C:\Archivos de programa\Cypress\Warp\lib\common\cypress.vhd'.
Linking 'C:\Archivos de programa\Cypress\Warp\lib\common\work\cypress.vif'.
Linking 'C:\Archivos de programa\Cypress\Warp\lib\ieee\work\stdlogic.vif'.

----------------------------------------------------------
Detecting unused logic.
----------------------------------------------------------



------------------------------------------------------
Alias Detection
------------------------------------------------------

------------------------------------------------------
Aliased 0 equations, 12 wires.
------------------------------------------------------

----------------------------------------------------------
Circuit simplification
----------------------------------------------------------

----------------------------------------------------------
Circuit simplification results:

	Expanded 0 signals.
	Turned 0 signals into soft nodes.
	Maximum default expansion cost was set at 10.
----------------------------------------------------------
Created 36 PLD nodes.

topld:  No errors.

----------------------------------------------------------------------------
PLD Optimizer Software:       DSGNOPT.EXE    31/03/2000  [v4.02 ] 6.3 IR 35

DESIGN HEADER INFORMATION  (09:43:17)

Input File(s): practica4.pla
Device       : C22V10
Package      : palce22v10-25pc/pi
ReportFile   : practica4.rpt

Program Controls:
    COMMAND LANGUAGE_VHDL 
    COMMAND PROPERTY BUS_HOLD ENABLE 

Signal Requests:
    GROUP USEPOL ALL
    GROUP FAST_SLEW ALL

Completed Successfully  
----------------------------------------------------------------------------
PLD Optimizer Software:       DSGNOPT.EXE    31/03/2000  [v4.02 ] 6.3 IR 35

OPTIMIZATION OPTIONS       (09:43:17)

Messages:
  Information: Process virtual '\display(0)D\'\display(0)D\ ... expanded.
  Information: Process virtual '\display(1)D\'\display(1)D\ ... expanded.
  Information: Process virtual '\display(2)D\'\display(2)D\ ... expanded.
  Information: Process virtual '\display(3)D\'\display(3)D\ ... expanded.
  Information: Process virtual '\display(4)D\'\display(4)D\ ... expanded.
  Information: Process virtual '\display(5)D\'\display(5)D\ ... expanded.
  Information: Process virtual '\display(6)D\'\display(6)D\ ... expanded.
  Information: Optimizing logic using best output polarity for signals:
         display(0).D display(1).D display(2).D display(3).D display(4).D
         display(5).D display(6).D

  Information: Selected logic optimization OFF for signals:
         display(0).AP display(0).C display(1).AR display(1).C display(2).AR
         display(2).C display(3).AR display(3).C display(4).AR display(4).C
         display(5).AR display(5).C display(6).AR display(6).C



Summary:
                 Error Count = 0      Warning Count = 0

Completed Successfully  
----------------------------------------------------------------------------
PLD Optimizer Software:       MINOPT.EXE     01/NOV/1999  [v4.02 ] 6.3 IR 35

LOGIC MINIMIZATION         ()

Messages:


Summary:
                 Error Count = 0      Warning Count = 0

Completed Successfully
----------------------------------------------------------------------------
PLD Optimizer Software:       DSGNOPT.EXE    31/03/2000  [v4.02 ] 6.3 IR 35

OPTIMIZATION OPTIONS       (09:43:18)

Messages:
  Information: Optimizing Banked Preset/Reset requirements.


Summary:
                 Error Count = 0      Warning Count = 0

Completed Successfully  
----------------------------------------------------------------------------
PLD Compiler Software:        PLA2JED.EXE    31/03/2000  [v4.02 ] 6.3 IR 35

<CYPRESSTAG name="Equations" icon=FILE_RPT_EQUATION>
DESIGN EQUATIONS           (09:43:18)
</CYPRESSTAG>

    /display(0).D =
          display(0).Q * display(1).Q * display(2).Q * display(3).Q * 
          /display(4).Q * /display(5).Q * /display(6).Q * /y(0) * y(1) 
        + display(0).Q * /display(1).Q * /display(2).Q * /display(3).Q * 
          /display(4).Q * /display(5).Q * /display(6).Q * /y(0) * y(1) 
        + display(0).Q * /display(1).Q * display(2).Q * /display(3).Q * 
          display(4).Q * /display(5).Q * /display(6).Q * y(0) * /y(1) 
        + display(0).Q * display(1).Q * display(2).Q * display(3).Q * 
          /display(4).Q * /display(5).Q * /display(6).Q * y(0) * /y(1) 
        + /display(0).Q * /display(1).Q * display(2).Q * display(3).Q * 
          /display(4).Q * /display(5).Q * display(6).Q * /y(1) 
        + /display(0).Q * /display(1).Q * display(2).Q * /display(3).Q * 
          /display(4).Q * display(5).Q * /display(6).Q * /y(1) 
        + /display(0).Q * display(1).Q * display(2).Q * /display(3).Q * 
          /display(4).Q * /display(5).Q * /display(6).Q * /y(1) 
        + /display(0).Q * /display(1).Q * /display(2).Q * /display(3).Q * 
          /display(4).Q * /display(5).Q * /display(6).Q * /y(1) 
        + /display(0).Q * /display(1).Q * display(2).Q * display(3).Q * 
          /display(4).Q * /display(5).Q * /y(0) 
        + /display(0).Q * /display(1).Q * /display(3).Q * /display(4).Q * 
          display(5).Q * /display(6).Q * /y(0) 
        + carga(0) * carga(1) * /carga(2) * /carga(3) * y(0) * y(1) 
        + /carga(1) * /carga(2) * carga(3) * y(0) * y(1) 
        + /carga(0) * carga(2) * /carga(3) * y(0) * y(1) 
        + /carga(1) * carga(2) * /carga(3) * y(0) * y(1) 
        + /display(0).Q * /y(0) * /y(1) 

    display(0).AR =
          /clr 

    display(0).SP =
          GND

    display(0).C =
          clk 

    display(1).D =
          /display(0).Q * /display(1).Q * display(2).Q * display(3).Q * 
          /display(4).Q * /display(5).Q * display(6).Q * /y(0) * y(1) 
        + display(0).Q * /display(1).Q * display(2).Q * /display(3).Q * 
          display(4).Q * /display(5).Q * /display(6).Q * /y(0) * y(1) 
        + /display(0).Q * /display(1).Q * /display(2).Q * /display(3).Q * 
          /display(4).Q * /display(5).Q * /display(6).Q * /y(0) * y(1) 
        + /display(0).Q * /display(1).Q * /display(2).Q * /display(3).Q * 
          /display(4).Q * display(5).Q * /display(6).Q * y(0) * /y(1) 
        + display(0).Q * /display(1).Q * display(2).Q * /display(3).Q * 
          display(4).Q * /display(5).Q * /display(6).Q * y(0) * /y(1) 
        + display(0).Q * /display(1).Q * /display(2).Q * /display(3).Q * 
          /display(4).Q * /display(5).Q * /display(6).Q * y(0) * /y(1) 
        + carga(0) * carga(1) * /carga(3) * y(0) * y(1) 
        + carga(0) * /carga(2) * /carga(3) * y(0) * y(1) 
        + display(1).Q * /y(0) * /y(1) 

    display(1).AR =
          /clr 

    display(1).SP =
          GND

    display(1).C =
          clk 

    display(2).D =
          /display(0).Q * /display(1).Q * display(2).Q * display(3).Q * 
          /display(4).Q * /display(5).Q * display(6).Q * /y(0) 
        + /display(0).Q * /display(1).Q * /display(3).Q * /display(4).Q * 
          display(5).Q * /display(6).Q * /y(0) * y(1) 
        + display(0).Q * /display(1).Q * display(2).Q * /display(3).Q * 
          display(4).Q * /display(5).Q * /display(6).Q * /y(0) 
        + /display(0).Q * display(1).Q * display(2).Q * /display(3).Q * 
          /display(4).Q * /display(5).Q * /display(6).Q * /y(0) 
        + /display(1).Q * /display(2).Q * /display(3).Q * /display(4).Q * 
          /display(5).Q * /display(6).Q * /y(0) * y(1) 
        + display(0).Q * display(1).Q * display(2).Q * display(3).Q * 
          /display(4).Q * /display(5).Q * display(6).Q * /y(1) 
        + /display(0).Q * /display(1).Q * display(2).Q * display(3).Q * 
          /display(4).Q * /display(5).Q * display(6).Q * /y(1) 
        + /display(0).Q * /display(1).Q * /display(2).Q * /display(3).Q * 
          /display(4).Q * /display(6).Q * y(0) * /y(1) 
        + display(0).Q * /display(1).Q * display(2).Q * /display(3).Q * 
          display(4).Q * /display(5).Q * /display(6).Q * /y(1) 
        + /display(0).Q * display(1).Q * display(2).Q * /display(3).Q * 
          /display(4).Q * /display(5).Q * /display(6).Q * /y(1) 
        + /display(1).Q * /display(2).Q * /display(3).Q * /display(4).Q * 
          /display(5).Q * /display(6).Q * y(0) * /y(1) 
        + carga(0) * /carga(1) * /carga(2) * y(0) * y(1) 
        + /carga(1) * carga(2) * /carga(3) * y(0) * y(1) 
        + carga(1) * /carga(2) * /carga(3) * y(0) * y(1) 
        + carga(0) * /carga(3) * y(0) * y(1) 
        + display(2).Q * /y(0) * /y(1) 

    display(2).AR =
          /clr 

    display(2).SP =
          GND

    display(2).C =
          clk 

    display(3).D =
          /display(0).Q * /display(1).Q * display(2).Q * /display(3).Q * 
          /display(4).Q * display(5).Q * /display(6).Q * /y(0) * y(1) 
        + display(0).Q * /display(1).Q * display(2).Q * /display(3).Q * 
          display(4).Q * /display(5).Q * /display(6).Q * /y(0) * y(1) 
        + /display(0).Q * display(1).Q * display(2).Q * /display(3).Q * 
          /display(4).Q * /display(5).Q * /display(6).Q * y(0) * /y(1) 
        + /display(1).Q * /display(2).Q * /display(3).Q * /display(4).Q * 
          /display(5).Q * /display(6).Q * /y(0) * y(1) 
        + /display(0).Q * /display(1).Q * /display(2).Q * /display(3).Q * 
          /display(4).Q * /display(6).Q * y(0) * /y(1) 
        + /display(1).Q * /display(2).Q * /display(3).Q * /display(4).Q * 
          /display(5).Q * /display(6).Q * y(0) * /y(1) 
        + carga(0) * carga(1) * carga(2) * /carga(3) * y(0) * y(1) 
        + /carga(0) * /carga(1) * carga(2) * /carga(3) * y(0) * y(1) 
        + carga(0) * /carga(1) * /carga(2) * y(0) * y(1) 
        + display(3).Q * /y(0) * /y(1) 

    display(3).AR =
          /clr 

    display(3).SP =
          GND

    display(3).C =
          clk 

    display(4).D =
          /display(0).Q * display(1).Q * display(2).Q * /display(3).Q * 
          /display(4).Q * /display(5).Q * /display(6).Q * /y(0) * y(1) 
        + display(0).Q * display(1).Q * display(2).Q * display(3).Q * 
          /display(4).Q * /display(5).Q * display(6).Q * y(0) * /y(1) 
        + /carga(0) * carga(1) * /carga(2) * /carga(3) * y(0) * y(1) 
        + display(4).Q * /y(0) * /y(1) 

    display(4).AR =
          /clr 

    display(4).SP =
          GND

    display(4).C =
          clk 

    display(5).D =
          display(0).Q * display(1).Q * display(2).Q * display(3).Q * 
          /display(4).Q * /display(5).Q * /display(6).Q * /y(0) * y(1) 
        + /display(0).Q * /display(1).Q * display(2).Q * display(3).Q * 
          /display(4).Q * /display(5).Q * display(6).Q * y(0) * /y(1) 
        + /display(0).Q * /display(1).Q * /display(2).Q * /display(3).Q * 
          /display(4).Q * display(5).Q * /display(6).Q * /y(0) 
        + /display(0).Q * /display(1).Q * display(2).Q * /display(3).Q * 
          /display(4).Q * display(5).Q * /display(6).Q * /y(1) 
        + /carga(0) * carga(1) * carga(2) * /carga(3) * y(0) * y(1) 
        + carga(0) * /carga(1) * carga(2) * /carga(3) * y(0) * y(1) 
        + display(5).Q * /y(0) * /y(1) 

    display(5).AR =
          /clr 

    display(5).SP =
          GND

    display(5).C =
          clk 

    display(6).D =
          /display(0).Q * /display(1).Q * display(2).Q * /display(3).Q * 
          /display(4).Q * display(5).Q * /display(6).Q * /y(0) * y(1) 
        + display(0).Q * /display(1).Q * display(2).Q * /display(3).Q * 
          display(4).Q * /display(5).Q * /display(6).Q * /y(0) * y(1) 
        + /display(0).Q * display(1).Q * display(2).Q * /display(3).Q * 
          /display(4).Q * /display(5).Q * /display(6).Q * y(0) * /y(1) 
        + display(0).Q * /display(1).Q * /display(2).Q * /display(3).Q * 
          /display(4).Q * /display(5).Q * /display(6).Q * y(0) * /y(1) 
        + /carga(0) * /carga(1) * carga(2) * /carga(3) * y(0) * y(1) 
        + carga(0) * /carga(1) * /carga(2) * /carga(3) * y(0) * y(1) 
        + display(6).Q * /y(0) * /y(1) 

    display(6).AR =
          /clr 

    display(6).SP =
          GND

    display(6).C =
          clk 


Completed Successfully  
----------------------------------------------------------------------------
PLD Compiler Software:        PLA2JED.EXE    31/03/2000  [v4.02 ] 6.3 IR 35

DESIGN RULE CHECK          (09:43:18)

Messages:
                 None.


Summary:
                 Error Count = 0      Warning Count = 0

Completed Successfully  
----------------------------------------------------------------------------
PLD Compiler Software:        PLA2JED.EXE    31/03/2000  [v4.02 ] 6.3 IR 35

<CYPRESSTAG name="Pinout" icon=FILE_RPT_PINOUT>
PINOUT INFORMATION   (09:43:18)
</CYPRESSTAG>
Messages:
  Information: Checking for duplicate NODE logic.
                 None.


                                 C22V10
                 __________________________________________
            clk =| 1|                                  |24|* not used       
            clr =| 2|                                  |23|= display(5)     
           y(1) =| 3|                                  |22|= display(1)     
           y(0) =| 4|                                  |21|* not used       
       carga(3) =| 5|                                  |20|* not used       
       carga(2) =| 6|                                  |19|= display(0)     
       carga(1) =| 7|                                  |18|= display(2)     
       carga(0) =| 8|                                  |17|* not used       
       not used *| 9|                                  |16|= display(4)     
       not used *|10|                                  |15|= display(3)     
       not used *|11|                                  |14|= display(6)     
       not used *|12|                                  |13|* not used       
                 __________________________________________


Summary:
                 Error Count = 0      Warning Count = 0

Completed Successfully  
----------------------------------------------------------------------------
PLD Compiler Software:        PLA2JED.EXE    31/03/2000  [v4.02 ] 6.3 IR 35

<CYPRESSTAG name="Utilization" icon=FILE_RPT_UTILIZATION>
RESOURCE UTILIZATION (09:43:18)
</CYPRESSTAG>
  Information: Macrocell Utilization.

                     Description        Used     Max
                 ______________________________________
                 | Dedicated Inputs   |    7  |   11  |
                 | Clock/Inputs       |    1  |    1  |
                 | I/O Macrocells     |    7  |   10  |
                 ______________________________________
                                          15  /   22   = 68  %


  Information: Output Logic Product Term Utilization.

                  Node#  Output Signal Name  Used   Max
                 ________________________________________
                 | 14  |  display(6)      |   7  |   8  |
                 | 15  |  display(3)      |  10  |  10  |
                 | 16  |  display(4)      |   4  |  12  |
                 | 17  |  Unused          |   0  |  14  |
                 | 18  |  display(2)      |  16  |  16  |
                 | 19  |  display(0)      |  15  |  16  |
                 | 20  |  Unused          |   0  |  14  |
                 | 21  |  Unused          |   0  |  12  |
                 | 22  |  display(1)      |   9  |  10  |
                 | 23  |  display(5)      |   7  |   8  |
                 | 25  |  Unused          |   0  |   1  |
                 ________________________________________
                                             68  / 121   = 56  %


Completed Successfully  
----------------------------------------------------------------------------
PLD Compiler Software:        PLA2JED.EXE    31/03/2000  [v4.02 ] 6.3 IR 35

JEDEC ASSEMBLE             (09:43:18)

Messages:
  Information: Output file 'practica4.pin' created.
  Information: Output file 'practica4.jed' created.

  Usercode:    
  Checksum:    613B



Summary:
                 Error Count = 0      Warning Count = 0

Completed Successfully at 09:43:18
