
     | | | | | | |
   _________________
  -|               |-
  -|               |-
  -|               |-
  -|    CYPRESS    |-
  -|               |-
  -|               |-   Warp VHDL Synthesis Compiler: Version 6.3 IR 35
  -|               |-   Copyright (C) 1991-2001 Cypress Semiconductor
   |_______________|
     | | | | | | |

======================================================================
Compiling:  P11.vhd
Options:    -m -yu -e10 -w100 -o2 -ygs -fP -v10 -dc22v10 -ppalce22v10-25pc/pi -b P11.vhd -u practica11.hie
======================================================================

vhdlfe V6.3 IR 35:  VHDL parser
Mon Nov 27 09:21:46 2017

Library 'work' => directory 'lc22v10'
Linking 'C:\Archivos de programa\Cypress\Warp\bin\std.vhd'.
Linking 'C:\Archivos de programa\Cypress\Warp\lib\common\cypress.vhd'.
Linking 'C:\Archivos de programa\Cypress\Warp\lib\common\work\cypress.vif'.
Library 'ieee' => directory 'C:\Archivos de programa\Cypress\Warp\lib\ieee\work'
Linking 'C:\Archivos de programa\Cypress\Warp\lib\ieee\work\stdlogic.vif'.

vhdlfe:  No errors.


tovif V6.3 IR 35:  High-level synthesis
Mon Nov 27 09:21:46 2017

Linking 'C:\Archivos de programa\Cypress\Warp\bin\std.vhd'.
Linking 'C:\Archivos de programa\Cypress\Warp\lib\common\cypress.vhd'.
Linking 'C:\Archivos de programa\Cypress\Warp\lib\common\work\cypress.vif'.
Linking 'C:\Archivos de programa\Cypress\Warp\lib\ieee\work\stdlogic.vif'.

tovif:  No errors.


topld V6.3 IR 35:  Synthesis and optimization
Mon Nov 27 09:21:47 2017

Linking 'C:\Archivos de programa\Cypress\Warp\bin\std.vhd'.
Linking 'C:\Archivos de programa\Cypress\Warp\lib\common\cypress.vhd'.
Linking 'C:\Archivos de programa\Cypress\Warp\lib\common\work\cypress.vif'.
Linking 'C:\Archivos de programa\Cypress\Warp\lib\ieee\work\stdlogic.vif'.

----------------------------------------------------------
Detecting unused logic.
----------------------------------------------------------



------------------------------------------------------
Alias Detection
------------------------------------------------------

------------------------------------------------------
Aliased 0 equations, 7 wires.
------------------------------------------------------

----------------------------------------------------------
Circuit simplification
----------------------------------------------------------

----------------------------------------------------------
Circuit simplification results:

	Expanded 1 signals.
	Turned 0 signals into soft nodes.
	Maximum default expansion cost was set at 10.
----------------------------------------------------------

------------------------------------------------------
Alias Detection
------------------------------------------------------

------------------------------------------------------
Aliased 0 equations, 0 wires.
------------------------------------------------------
Created 21 PLD nodes.

topld:  No errors.

----------------------------------------------------------------------------
PLD Optimizer Software:       DSGNOPT.EXE    31/03/2000  [v4.02 ] 6.3 IR 35

DESIGN HEADER INFORMATION  (09:21:49)

Input File(s): P11.pla
Device       : C22V10
Package      : palce22v10-25pc/pi
ReportFile   : P11.rpt

Program Controls:
    COMMAND LANGUAGE_VHDL 
    COMMAND PROPERTY BUS_HOLD ENABLE 

Signal Requests:
    GROUP USEPOL ALL
    GROUP FAST_SLEW ALL

Completed Successfully  
----------------------------------------------------------------------------
PLD Optimizer Software:       DSGNOPT.EXE    31/03/2000  [v4.02 ] 6.3 IR 35

OPTIMIZATION OPTIONS       (09:21:49)

Messages:
  Information: Optimizing logic using best output polarity for signals:
         display(2) display(4) display(5) display(6)

  Information: Selected logic optimization OFF for signals:
         change(0).D change(0).AP change(0).C change(1).D change(1).AP
         change(1).C change(2).D change(2).AR change(2).C display(0)
         display(1) display(3)



Summary:
                 Error Count = 0      Warning Count = 0

Completed Successfully  
----------------------------------------------------------------------------
PLD Optimizer Software:       MINOPT.EXE     01/NOV/1999  [v4.02 ] 6.3 IR 35

LOGIC MINIMIZATION         ()

Messages:


Summary:
                 Error Count = 0      Warning Count = 0

Completed Successfully
----------------------------------------------------------------------------
PLD Optimizer Software:       DSGNOPT.EXE    31/03/2000  [v4.02 ] 6.3 IR 35

OPTIMIZATION OPTIONS       (09:21:49)

Messages:
  Information: Optimizing Banked Preset/Reset requirements.
  Information: Selecting D register equation as minimal for signal change(2)
  Information: Inverting Preset/Reset & output logic polarity for change(0).
  Information: Selecting D register equation as minimal for signal change(0)
  Information: Inverting Preset/Reset & output logic polarity for change(1).
  Information: Selecting D register equation as minimal for signal change(1)
  Information: Optimizing logic without changing polarity for signals:
         display(2) display(4) display(5)

  Information: Selected logic optimization OFF for signals:
         change(0).D change(0).AR change(0).SP change(0).C change(1).D
         change(1).AR change(1).SP change(1).C change(2).D change(2).AR
         change(2).SP change(2).C display(0) display(1) display(3) display(6)



Summary:
                 Error Count = 0      Warning Count = 0

Completed Successfully  
----------------------------------------------------------------------------
PLD Optimizer Software:       MINOPT.EXE     01/NOV/1999  [v4.02 ] 6.3 IR 35

LOGIC MINIMIZATION         ()

Messages:


Summary:
                 Error Count = 0      Warning Count = 0

Completed Successfully
----------------------------------------------------------------------------
PLD Optimizer Software:       DSGNOPT.EXE    31/03/2000  [v4.02 ] 6.3 IR 35

OPTIMIZATION OPTIONS       (09:21:50)

Messages:


Summary:
                 Error Count = 0      Warning Count = 0

Completed Successfully  
----------------------------------------------------------------------------
PLD Compiler Software:        PLA2JED.EXE    31/03/2000  [v4.02 ] 6.3 IR 35

<CYPRESSTAG name="Equations" icon=FILE_RPT_EQUATION>
DESIGN EQUATIONS           (09:21:51)
</CYPRESSTAG>

    /change(0).D =
          /change(1).Q 

    change(0).AR =
          /clr 

    change(0).SP =
          GND

    change(0).C =
          clk 

    /change(1).D =
          /change(2).Q 

    change(1).AR =
          /clr 

    change(1).SP =
          GND

    change(1).C =
          clk 

    change(2).D =
          change(0).Q 

    change(2).AR =
          /clr 

    change(2).SP =
          GND

    change(2).C =
          clk 

    display(0) =
          change(0).Q * change(1).Q * /change(2).Q 

    display(1) =
          display(6) 

    /display(2) =
          /change(0).Q * change(1).Q * change(2).Q 
        + change(0).Q * /change(1).Q * change(2).Q 

    display(3) =
          VCC

    /display(4) =
          /change(0).Q * change(1).Q * change(2).Q 
        + change(0).Q * change(1).Q * /change(2).Q 

    /display(5) =
          change(0).Q * change(1).Q * /change(2).Q 
        + change(0).Q * /change(1).Q * change(2).Q 

    /display(6) =
          change(0).Q * /change(1).Q * change(2).Q 


Completed Successfully  
----------------------------------------------------------------------------
PLD Compiler Software:        PLA2JED.EXE    31/03/2000  [v4.02 ] 6.3 IR 35

DESIGN RULE CHECK          (09:21:51)

Messages:
                 None.


Summary:
                 Error Count = 0      Warning Count = 0

Completed Successfully  
----------------------------------------------------------------------------
PLD Compiler Software:        PLA2JED.EXE    31/03/2000  [v4.02 ] 6.3 IR 35

<CYPRESSTAG name="Pinout" icon=FILE_RPT_PINOUT>
PINOUT INFORMATION   (09:21:51)
</CYPRESSTAG>
Messages:
  Information: Checking for duplicate NODE logic.
                 None.


                                 C22V10
                 __________________________________________
            clk =| 1|                                  |24|* not used       
            clr =| 2|                                  |23|= display(4)     
       not used *| 3|                                  |22|= display(3)     
       not used *| 4|                                  |21|= display(0)     
       not used *| 5|                                  |20|= change(1)      
       not used *| 6|                                  |19|= display(6)     
       not used *| 7|                                  |18|= change(0)      
       not used *| 8|                                  |17|= change(2)      
       not used *| 9|                                  |16|= display(1)     
       not used *|10|                                  |15|= display(2)     
       not used *|11|                                  |14|= display(5)     
       not used *|12|                                  |13|* not used       
                 __________________________________________


Summary:
                 Error Count = 0      Warning Count = 0

Completed Successfully  
----------------------------------------------------------------------------
PLD Compiler Software:        PLA2JED.EXE    31/03/2000  [v4.02 ] 6.3 IR 35

<CYPRESSTAG name="Utilization" icon=FILE_RPT_UTILIZATION>
RESOURCE UTILIZATION (09:21:51)
</CYPRESSTAG>
  Information: Macrocell Utilization.

                     Description        Used     Max
                 ______________________________________
                 | Dedicated Inputs   |    1  |   11  |
                 | Clock/Inputs       |    1  |    1  |
                 | I/O Macrocells     |   10  |   10  |
                 ______________________________________
                                          12  /   22   = 54  %


  Information: Output Logic Product Term Utilization.

                  Node#  Output Signal Name  Used   Max
                 ________________________________________
                 | 14  |  display(5)      |   2  |   8  |
                 | 15  |  display(2)      |   2  |  10  |
                 | 16  |  display(1)      |   1  |  12  |
                 | 17  |  change(2)       |   1  |  14  |
                 | 18  |  change(0)       |   1  |  16  |
                 | 19  |  display(6)      |   1  |  16  |
                 | 20  |  change(1)       |   1  |  14  |
                 | 21  |  display(0)      |   1  |  12  |
                 | 22  |  display(3)      |   1  |  10  |
                 | 23  |  display(4)      |   2  |   8  |
                 | 25  |  Unused          |   0  |   1  |
                 ________________________________________
                                             13  / 121   = 10  %


Completed Successfully  
----------------------------------------------------------------------------
PLD Compiler Software:        PLA2JED.EXE    31/03/2000  [v4.02 ] 6.3 IR 35

JEDEC ASSEMBLE             (09:21:51)

Messages:
  Information: Output file 'P11.pin' created.
  Information: Output file 'P11.jed' created.

  Usercode:    
  Checksum:    7EEE



Summary:
                 Error Count = 0      Warning Count = 0

Completed Successfully at 09:21:51
