Release 14.7 - xst P.20131013 (lin64)
Copyright (c) 1995-2013 Xilinx, Inc.  All rights reserved.
--> 
Parameter TMPDIR set to xst/projnav.tmp


Total REAL time to Xst completion: 0.00 secs
Total CPU time to Xst completion: 0.08 secs
 
--> 
Parameter xsthdpdir set to xst


Total REAL time to Xst completion: 0.00 secs
Total CPU time to Xst completion: 0.08 secs
 
--> 
Reading design: ARCHIVO_DE_REGISTROS.prj

TABLE OF CONTENTS
  1) Synthesis Options Summary
  2) HDL Parsing
  3) HDL Elaboration
  4) HDL Synthesis
       4.1) HDL Synthesis Report
  5) Advanced HDL Synthesis
       5.1) Advanced HDL Synthesis Report
  6) Low Level Synthesis
  7) Partition Report
  8) Design Summary
       8.1) Primitive and Black Box Usage
       8.2) Device utilization summary
       8.3) Partition Resource Summary
       8.4) Timing Report
            8.4.1) Clock Information
            8.4.2) Asynchronous Control Signals Information
            8.4.3) Timing Summary
            8.4.4) Timing Details
            8.4.5) Cross Clock Domains Report


=========================================================================
*                      Synthesis Options Summary                        *
=========================================================================
---- Source Parameters
Input File Name                    : "ARCHIVO_DE_REGISTROS.prj"
Ignore Synthesis Constraint File   : NO

---- Target Parameters
Output File Name                   : "ARCHIVO_DE_REGISTROS"
Output Format                      : NGC
Target Device                      : xc7a100t-2-csg324

---- Source Options
Top Module Name                    : ARCHIVO_DE_REGISTROS
Automatic FSM Extraction           : YES
FSM Encoding Algorithm             : Auto
Safe Implementation                : No
FSM Style                          : LUT
RAM Extraction                     : Yes
RAM Style                          : Auto
ROM Extraction                     : Yes
Shift Register Extraction          : YES
ROM Style                          : Auto
Resource Sharing                   : YES
Asynchronous To Synchronous        : NO
Shift Register Minimum Size        : 2
Use DSP Block                      : Auto
Automatic Register Balancing       : No

---- Target Options
LUT Combining                      : Auto
Reduce Control Sets                : Auto
Add IO Buffers                     : YES
Global Maximum Fanout              : 100000
Add Generic Clock Buffer(BUFG)     : 32
Register Duplication               : YES
Optimize Instantiated Primitives   : NO
Use Clock Enable                   : Auto
Use Synchronous Set                : Auto
Use Synchronous Reset              : Auto
Pack IO Registers into IOBs        : Auto
Equivalent register Removal        : YES

---- General Options
Optimization Goal                  : Speed
Optimization Effort                : 1
Power Reduction                    : NO
Keep Hierarchy                     : No
Netlist Hierarchy                  : As_Optimized
RTL Output                         : Yes
Global Optimization                : AllClockNets
Read Cores                         : YES
Write Timing Constraints           : NO
Cross Clock Analysis               : NO
Hierarchy Separator                : /
Bus Delimiter                      : <>
Case Specifier                     : Maintain
Slice Utilization Ratio            : 100
BRAM Utilization Ratio             : 100
DSP48 Utilization Ratio            : 100
Auto BRAM Packing                  : NO
Slice Utilization Ratio Delta      : 5

=========================================================================


=========================================================================
*                          HDL Parsing                                  *
=========================================================================
Parsing VHDL file "/home/erick/Documentos/GitHub/Computer-architecture/ESCOMIPS/ARCHIVO_REGISTROS/ARCHIVO_DE_REGISTROS.vhd" into library work
Parsing entity <ARCHIVO_DE_REGISTROS>.
Parsing architecture <BEHAVIOUR> of entity <archivo_de_registros>.

=========================================================================
*                            HDL Elaboration                            *
=========================================================================

Elaborating entity <ARCHIVO_DE_REGISTROS> (architecture <BEHAVIOUR>) with generics from library <work>.
WARNING:HDLCompiler:92 - "/home/erick/Documentos/GitHub/Computer-architecture/ESCOMIPS/ARCHIVO_REGISTROS/ARCHIVO_DE_REGISTROS.vhd" Line 92: data_out should be on the sensitivity list of the process

=========================================================================
*                           HDL Synthesis                               *
=========================================================================

Synthesizing Unit <ARCHIVO_DE_REGISTROS>.
    Related source file is "/home/erick/Documentos/GitHub/Computer-architecture/ESCOMIPS/ARCHIVO_REGISTROS/ARCHIVO_DE_REGISTROS.vhd".
        NBITS_ADDR = 4
        NBITS_DATA = 16
    Found 16x16-bit dual-port RAM <Mram_MEM> for signal <MEM>.
    Summary:
	inferred   2 RAM(s).
	inferred  85 Multiplexer(s).
Unit <ARCHIVO_DE_REGISTROS> synthesized.

=========================================================================
HDL Synthesis Report

Macro Statistics
# RAMs                                                 : 2
 16x16-bit dual-port RAM                               : 2
# Multiplexers                                         : 85
 1-bit 2-to-1 multiplexer                              : 80
 16-bit 2-to-1 multiplexer                             : 5

=========================================================================

=========================================================================
*                       Advanced HDL Synthesis                          *
=========================================================================


Synthesizing (advanced) Unit <ARCHIVO_DE_REGISTROS>.
INFO:Xst:3218 - HDL ADVISOR - The RAM <Mram_MEM> will be implemented on LUTs either because you have described an asynchronous read or because of currently unsupported block RAM features. If you have described an asynchronous read, making it synchronous would allow you to take advantage of available block RAM resources, for optimized device usage and improved timings. Please refer to your documentation for coding guidelines.
    -----------------------------------------------------------------------
    | ram_type           | Distributed                         |          |
    -----------------------------------------------------------------------
    | Port A                                                              |
    |     aspect ratio   | 16-word x 16-bit                    |          |
    |     clkA           | connected to signal <CLK>           | rise     |
    |     weA            | connected to signal <WR>            | high     |
    |     addrA          | connected to signal <ADDR_WR>       |          |
    |     diA            | connected to signal <DIN>           |          |
    -----------------------------------------------------------------------
    | Port B                                                              |
    |     aspect ratio   | 16-word x 16-bit                    |          |
    |     addrB          | connected to signal <ADDR_RD1>      |          |
    |     doB            | connected to signal <DINOUT1>       |          |
    -----------------------------------------------------------------------
INFO:Xst:3218 - HDL ADVISOR - The RAM <Mram_MEM1> will be implemented on LUTs either because you have described an asynchronous read or because of currently unsupported block RAM features. If you have described an asynchronous read, making it synchronous would allow you to take advantage of available block RAM resources, for optimized device usage and improved timings. Please refer to your documentation for coding guidelines.
    -----------------------------------------------------------------------
    | ram_type           | Distributed                         |          |
    -----------------------------------------------------------------------
    | Port A                                                              |
    |     aspect ratio   | 16-word x 16-bit                    |          |
    |     clkA           | connected to signal <CLK>           | rise     |
    |     weA            | connected to signal <WR>            | high     |
    |     addrA          | connected to signal <ADDR_WR>       |          |
    |     diA            | connected to signal <DIN>           |          |
    -----------------------------------------------------------------------
    | Port B                                                              |
    |     aspect ratio   | 16-word x 16-bit                    |          |
    |     addrB          | connected to signal <ADDR_RD2>      |          |
    |     doB            | connected to signal <DOUT2>         |          |
    -----------------------------------------------------------------------
Unit <ARCHIVO_DE_REGISTROS> synthesized (advanced).

=========================================================================
Advanced HDL Synthesis Report

Macro Statistics
# RAMs                                                 : 2
 16x16-bit dual-port distributed RAM                   : 2
# Multiplexers                                         : 85
 1-bit 2-to-1 multiplexer                              : 80
 16-bit 2-to-1 multiplexer                             : 5

=========================================================================

=========================================================================
*                         Low Level Synthesis                           *
=========================================================================

Optimizing unit <ARCHIVO_DE_REGISTROS> ...

Mapping all equations...
Building and optimizing final netlist ...
Found area constraint ratio of 100 (+ 5) on block ARCHIVO_DE_REGISTROS, actual ratio is 0.

Final Macro Processing ...

=========================================================================
Final Register Report

Found no macro
=========================================================================

=========================================================================
*                           Partition Report                            *
=========================================================================

Partition Implementation Status
-------------------------------

  No Partitions were found in this design.

-------------------------------

=========================================================================
*                            Design Summary                             *
=========================================================================

Top Level Output File Name         : ARCHIVO_DE_REGISTROS.ngc

Primitive and Black Box Usage:
------------------------------
# BELS                             : 93
#      GND                         : 1
#      LUT2                        : 8
#      LUT3                        : 9
#      LUT4                        : 2
#      LUT5                        : 17
#      LUT6                        : 53
#      MUXF7                       : 3
# RAMS                             : 12
#      RAM32M                      : 4
#      RAM32X1D                    : 8
# Clock Buffers                    : 1
#      BUFGP                       : 1
# IO Buffers                       : 67
#      IBUF                        : 35
#      OBUF                        : 32

Device utilization summary:
---------------------------

Selected Device : 7a100tcsg324-2 


Slice Logic Utilization: 
 Number of Slice LUTs:                  121  out of  63400     0%  
    Number used as Logic:                89  out of  63400     0%  
    Number used as Memory:               32  out of  19000     0%  
       Number used as RAM:               32

Slice Logic Distribution: 
 Number of LUT Flip Flop pairs used:    121
   Number with an unused Flip Flop:     121  out of    121   100%  
   Number with an unused LUT:             0  out of    121     0%  
   Number of fully used LUT-FF pairs:     0  out of    121     0%  
   Number of unique control sets:         0

IO Utilization: 
 Number of IOs:                          68
 Number of bonded IOBs:                  68  out of    210    32%  

Specific Feature Utilization:
 Number of BUFG/BUFGCTRLs:                1  out of     32     3%  

---------------------------
Partition Resource Summary:
---------------------------

  No Partitions were found in this design.

---------------------------


=========================================================================
Timing Report

NOTE: THESE TIMING NUMBERS ARE ONLY A SYNTHESIS ESTIMATE.
      FOR ACCURATE TIMING INFORMATION PLEASE REFER TO THE TRACE REPORT
      GENERATED AFTER PLACE-and-ROUTE.

Clock Information:
------------------
-----------------------------------+------------------------+-------+
Clock Signal                       | Clock buffer(FF name)  | Load  |
-----------------------------------+------------------------+-------+
CLK                                | BUFGP                  | 12    |
-----------------------------------+------------------------+-------+

Asynchronous Control Signals Information:
----------------------------------------
No asynchronous control signals found in this design

Timing Summary:
---------------
Speed Grade: -2

   Minimum period: 3.788ns (Maximum Frequency: 264.016MHz)
   Minimum input arrival time before clock: 3.115ns
   Maximum output required time after clock: 1.767ns
   Maximum combinational path delay: 1.112ns

Timing Details:
---------------
All values displayed in nanoseconds (ns)

=========================================================================
Timing constraint: Default period analysis for Clock 'CLK'
  Clock period: 3.788ns (frequency: 264.016MHz)
  Total number of paths / destination ports: 444 / 32
-------------------------------------------------------------------------
Delay:               3.788ns (Levels of Logic = 3)
  Source:            Mram_MEM2 (RAM)
  Destination:       Mram_MEM3 (RAM)
  Source Clock:      CLK rising
  Destination Clock: CLK rising

  Data Path: Mram_MEM2 to Mram_MEM3
                                Gate     Net
    Cell:in->out      fanout   Delay   Delay  Logical Name (Net Name)
    ----------------------------------------  ------------
     RAM32M:WCLK->DOB1     9   1.362   0.694  Mram_MEM2 (DINOUT1_3_OBUF)
     LUT6:I2->O            3   0.105   0.463  SHAMT<1>41 (SHAMT<1>_mmx_out12)
     LUT6:I4->O            1   0.105   0.357  Mmux_DIN302 (Mmux_DIN301)
     LUT5:I4->O            2   0.105   0.344  Mmux_DIN303 (DIN<8>)
     RAM32M:DIB0               0.252          Mram_MEM3
    ----------------------------------------
    Total                      3.788ns (1.929ns logic, 1.859ns route)
                                       (50.9% logic, 49.1% route)

=========================================================================
Timing constraint: Default OFFSET IN BEFORE for Clock 'CLK'
  Total number of paths / destination ports: 2458 / 124
-------------------------------------------------------------------------
Offset:              3.115ns (Levels of Logic = 5)
  Source:            ADDR_RD1<3> (PAD)
  Destination:       Mram_MEM3 (RAM)
  Destination Clock: CLK rising

  Data Path: ADDR_RD1<3> to Mram_MEM3
                                Gate     Net
    Cell:in->out      fanout   Delay   Delay  Logical Name (Net Name)
    ----------------------------------------  ------------
     IBUF:I->O            10   0.001   0.389  ADDR_RD1_3_IBUF (ADDR_RD1_3_IBUF)
     RAM32M:ADDRB3->DOB1    9   0.299   0.694  Mram_MEM2 (DINOUT1_3_OBUF)
     LUT6:I2->O            3   0.105   0.463  SHAMT<1>41 (SHAMT<1>_mmx_out12)
     LUT6:I4->O            1   0.105   0.357  Mmux_DIN302 (Mmux_DIN301)
     LUT5:I4->O            2   0.105   0.344  Mmux_DIN303 (DIN<8>)
     RAM32M:DIB0               0.252          Mram_MEM3
    ----------------------------------------
    Total                      3.115ns (0.867ns logic, 2.248ns route)
                                       (27.8% logic, 72.2% route)

=========================================================================
Timing constraint: Default OFFSET OUT AFTER for Clock 'CLK'
  Total number of paths / destination ports: 32 / 32
-------------------------------------------------------------------------
Offset:              1.767ns (Levels of Logic = 1)
  Source:            Mram_MEM3 (RAM)
  Destination:       DINOUT1<7> (PAD)
  Source Clock:      CLK rising

  Data Path: Mram_MEM3 to DINOUT1<7>
                                Gate     Net
    Cell:in->out      fanout   Delay   Delay  Logical Name (Net Name)
    ----------------------------------------  ------------
     RAM32M:WCLK->DOA1    16   1.345   0.422  Mram_MEM3 (DINOUT1_7_OBUF)
     OBUF:I->O                 0.000          DINOUT1_7_OBUF (DINOUT1<7>)
    ----------------------------------------
    Total                      1.767ns (1.345ns logic, 0.422ns route)
                                       (76.1% logic, 23.9% route)

=========================================================================
Timing constraint: Default path analysis
  Total number of paths / destination ports: 128 / 32
-------------------------------------------------------------------------
Delay:               1.112ns (Levels of Logic = 3)
  Source:            ADDR_RD1<3> (PAD)
  Destination:       DINOUT1<7> (PAD)

  Data Path: ADDR_RD1<3> to DINOUT1<7>
                                Gate     Net
    Cell:in->out      fanout   Delay   Delay  Logical Name (Net Name)
    ----------------------------------------  ------------
     IBUF:I->O            10   0.001   0.389  ADDR_RD1_3_IBUF (ADDR_RD1_3_IBUF)
     RAM32M:ADDRA3->DOA1   16   0.299   0.422  Mram_MEM3 (DINOUT1_7_OBUF)
     OBUF:I->O                 0.000          DINOUT1_7_OBUF (DINOUT1<7>)
    ----------------------------------------
    Total                      1.112ns (0.300ns logic, 0.812ns route)
                                       (27.0% logic, 73.0% route)

=========================================================================

Cross Clock Domains Report:
--------------------------

Clock to Setup on destination clock CLK
---------------+---------+---------+---------+---------+
               | Src:Rise| Src:Fall| Src:Rise| Src:Fall|
Source Clock   |Dest:Rise|Dest:Rise|Dest:Fall|Dest:Fall|
---------------+---------+---------+---------+---------+
CLK            |    3.788|         |         |         |
---------------+---------+---------+---------+---------+

=========================================================================


Total REAL time to Xst completion: 9.00 secs
Total CPU time to Xst completion: 9.12 secs
 
--> 


Total memory usage is 489764 kilobytes

Number of errors   :    0 (   0 filtered)
Number of warnings :    1 (   0 filtered)
Number of infos    :    2 (   0 filtered)

